// Vitest Snapshot v1, https://vitest.dev/guide/snapshot.html

exports[`renders the component 1`] = `
<div>
  <div
    class="selectLoadingSpinner"
  >
    <div
      class="select Select-module_root__7RUyk"
      id="hds-select-1"
      tabindex="-1"
    >
      <label
        class="FieldLabel-module_label__EyKsf "
        for="hds-select-1-main-button"
        id="hds-select-1-label"
      >
        Select label
      </label>
      <div
        class="Select-module_selectAndListContainer__0LfdG"
      >
        <div
          class="Select-module_selectedOptionsContainer__7dBXl"
        >
          <button
            aria-controls="hds-select-1-list"
            aria-disabled="false"
            aria-expanded="false"
            aria-haspopup="listbox"
            aria-label="Select label. Valitse yksi. 0 valittua vaihtoehtoa."
            class="Select-module_dropdownButton__JCbQQ Select-module_selectedOptions__ZV-qI Select-module_placeholder__u-WLf Select-module_singleSelect__y5Oup"
            id="hds-select-1-main-button"
            role="combobox"
            type="button"
          >
            <div
              aria-hidden="true"
              class="Select-module_labels__hujKB"
            >
              <span
                class="Select-module_dropdownButtonOption__QWCG-"
                data-testid="placeholder"
              >
                Valitse yksi
              </span>
            </div>
            <div
              class="Select-module_arrowAndSpaceForClearButton__x2ij8 Select-module_icon__WBy3J"
            >
              <svg
                aria-hidden="true"
                aria-label="angle-down"
                class="Icon-module_icon__JQmVx icon_hds-icon__O6EV0 Icon-module_small__nAApk icon_hds-icon--size-s__SloSo Select-module_angleIcon__tPtcz"
                role="img"
                viewBox="0 0 24 24"
                xmlns="http://www.w3.org/2000/svg"
              >
                <path
                  clip-rule="evenodd"
                  d="M12 13.5L17 8.5L18.5 10L12 16.5L5.5 10L7 8.5L12 13.5Z"
                  fill="currentColor"
                  fill-rule="evenodd"
                />
              </svg>
            </div>
          </button>
        </div>
        <div>
          <div
            aria-hidden="true"
            class="Select-module_listAndInputContainer__9hv5c"
            id="hds-select-1-sl-container"
          />
        </div>
      </div>
      <div
        aria-live="polite"
        class="Select-module_screenReaderNotifications__I0-Hs"
        data-testid="hds-select-screen-reader-notifications"
      />
    </div>
  </div>
</div>
`;
