// Vitest Snapshot v1, https://vitest.dev/guide/snapshot.html

exports[`should match snapshot 1`] = `
<div>
  <div
    class="TextInput-module_root__2CMNr text-input_hds-text-input__2LODq css-0"
  >
    <label
      class="FieldLabel-module_label__1zrXK "
      for="1"
    >
      Text area label
    </label>
    <div
      class="TextInput-module_inputWrapper__3Rvel text-input_hds-text-input__input-wrapper__1OqYG"
    >
      <textarea
        class="TextInput-module_input__1BlHi text-input_hds-text-input__input__GJm5C"
        id="1"
        placeholder="Text area placeholder"
      />
    </div>
  </div>
</div>
`;
