// Vitest Snapshot v1, https://vitest.dev/guide/snapshot.html

exports[`should match snapshot 1`] = `
<div>
  <div
    class="TextInput-module_root__lPctx text-input_hds-text-input__mG8r6 textArea css-0"
  >
    <label
      class="FieldLabel-module_label__EyKsf "
      for="1"
    >
      Text area label
    </label>
    <div
      class="TextInput-module_inputWrapper__9kbLn text-input_hds-text-input__input-wrapper__1RzOg"
    >
      <textarea
        class="TextInput-module_input__LLKkZ text-input_hds-text-input__input__Kglq3"
        id="1"
        placeholder="Text area placeholder"
      />
    </div>
  </div>
</div>
`;
