// Vitest Snapshot v1, https://vitest.dev/guide/snapshot.html

exports[`should render component 1`] = `
<div>
  <main
    class="mainContent"
    id="maincontent"
  >
    <div
      class="container css-0"
    >
      <div
        class="contentWrapper errorTemplate"
      >
        <div
          class="content"
        >
          <svg
            aria-hidden="true"
            aria-label="alert-circle"
            class="Icon-module_icon__1Jtzj icon_hds-icon__1YqNC Icon-module_s__2WGWe icon_hds-icon--size-s__2Lkik icon"
            role="img"
            viewBox="0 0 24 24"
            xmlns="http://www.w3.org/2000/svg"
          >
            <path
              clip-rule="evenodd"
              d="M12 2C17.5228 2 22 6.47715 22 12C22 17.5228 17.5228 22 12 22C6.47715 22 2 17.5228 2 12C2 6.47715 6.47715 2 12 2ZM12 4C7.58172 4 4 7.58172 4 12C4 16.4183 7.58172 20 12 20C16.4183 20 20 16.4183 20 12C20 7.58172 16.4183 4 12 4ZM13 16V18H11V16H13ZM13 6V14H11V6H13Z"
              fill="currentColor"
              fill-rule="evenodd"
            />
          </svg>
          <p>
            Lorem ipsum
          </p>
          <div
            class="buttonsWrapper"
          >
            <div
              class="buttons"
            >
              <button
                class="Button-module_button__1msFE button_hds-button__2A0je Button-module_secondary__1nABp button_hds-button--secondary__1NOWS Button-module_fullWidth__31eVK button_hds-button--fullwidth__1_hG9 button css-0"
                type="button"
              >
                <div
                  aria-hidden="true"
                  class="Button-module_icon__O-h7R button_hds-icon__17j8Z"
                >
                  <svg
                    aria-hidden="true"
                    aria-label="arrow-left"
                    class="Icon-module_icon__1Jtzj icon_hds-icon__1YqNC Icon-module_s__2WGWe icon_hds-icon--size-s__2Lkik"
                    role="img"
                    viewBox="0 0 24 24"
                    xmlns="http://www.w3.org/2000/svg"
                  >
                    <path
                      clip-rule="evenodd"
                      d="M10 5.5L11.5 7L7.5 11H20V13H7.5L11.5 17L10 18.5L3.5 12L10 5.5Z"
                      fill="currentColor"
                      fill-rule="evenodd"
                    />
                  </svg>
                </div>
                <span
                  class="Button-module_label__a4np1 button_hds-button__label__2EQa-"
                >
                  Etusivulle
                </span>
              </button>
              <button
                class="Button-module_button__1msFE button_hds-button__2A0je Button-module_primary__2LfKB button_hds-button--primary__2NVvO Button-module_fullWidth__31eVK button_hds-button--fullwidth__1_hG9 button css-0"
                type="button"
              >
                <span
                  class="Button-module_label__a4np1 button_hds-button__label__2EQa-"
                >
                  Kirjaudu sisään
                </span>
              </button>
            </div>
          </div>
          <button
            class="Button-module_button__1msFE button_hds-button__2A0je Button-module_supplementary__3YKiS button_hds-button--supplementary__GcHcV feedbackButton button css-0"
            type="button"
          >
            <div
              aria-hidden="true"
              class="Button-module_icon__O-h7R button_hds-icon__17j8Z"
            >
              <svg
                aria-hidden="true"
                aria-label="speechbubble-text"
                class="Icon-module_icon__1Jtzj icon_hds-icon__1YqNC Icon-module_s__2WGWe icon_hds-icon--size-s__2Lkik"
                role="img"
                viewBox="0 0 24 24"
                xmlns="http://www.w3.org/2000/svg"
              >
                <path
                  clip-rule="evenodd"
                  d="M19 4C21.1422 4 22.8911 5.68397 22.9951 7.80036L23 8V16C23 18.1422 21.316 19.8911 19.1996 19.9951L19 20H18C17.0124 20 16.1539 20.3377 15.3834 21.0388L15.2071 21.2071L14.5 21.9142L13.7929 21.2071C13.0357 20.4499 12.1936 20.0581 11.2256 20.006L11 20H5C2.8578 20 1.10892 18.316 1.0049 16.1996L1 16V8C1 5.8578 2.68397 4.10892 4.80036 4.0049L5 4H19ZM19 6H5C3.94564 6 3.08183 6.81588 3.00549 7.85074L3 8V16C3 17.0544 3.81588 17.9182 4.85074 17.9945L5 18H11C12.2948 18 13.4698 18.3969 14.4995 19.175C15.4057 18.4909 16.4233 18.1015 17.5358 18.0174L17.8158 18.0027L18 18H19C20.0544 18 20.9182 17.1841 20.9945 16.1493L21 16V8C21 6.94564 20.1841 6.08183 19.1493 6.00549L19 6ZM18 13V15H6V13H18ZM18 9V11H6V9H18Z"
                  fill="currentColor"
                  fill-rule="evenodd"
                />
              </svg>
            </div>
            <span
              class="Button-module_label__a4np1 button_hds-button__label__2EQa-"
            >
              Anna palautetta
            </span>
            <div
              aria-hidden="true"
              class="Button-module_icon__O-h7R button_hds-icon__17j8Z"
            >
              <svg
                aria-hidden="true"
                aria-label="angle-right"
                class="Icon-module_icon__1Jtzj icon_hds-icon__1YqNC Icon-module_s__2WGWe icon_hds-icon--size-s__2Lkik"
                role="img"
                viewBox="0 0 24 24"
                xmlns="http://www.w3.org/2000/svg"
              >
                <path
                  clip-rule="evenodd"
                  d="M13.5 12L8.5 7L10 5.5L16.5 12L10 18.5L8.5 17L13.5 12Z"
                  fill="currentColor"
                  fill-rule="evenodd"
                />
              </svg>
            </div>
          </button>
        </div>
      </div>
    </div>
  </main>
</div>
`;
